actions/categories.ts(26,6): error TS2769: No overload matches this call.
  Overload 1 of 2, '(values: never, options?: { count?: "exact" | "planned" | "estimated" | undefined; } | undefined): PostgrestFilterBuilder<{ PostgrestVersion: "12"; }, never, never, null, "categories", never, "POST">', gave the following error.
    Argument of type '{ name: string; slug: string; icon: string; display_order: number; is_active: boolean; }[]' is not assignable to parameter of type 'never'.
  Overload 2 of 2, '(values: never[], options?: { count?: "exact" | "planned" | "estimated" | undefined; defaultToNull?: boolean | undefined; } | undefined): PostgrestFilterBuilder<{ PostgrestVersion: "12"; }, never, never, null, "categories", never, "POST">', gave the following error.
    Type '{ name: string; slug: string; icon: string; display_order: number; is_active: true; }' is not assignable to type 'never'.
actions/categories.ts(45,13): error TS2345: Argument of type '{ name: string; slug: string; icon: string; is_active: boolean; display_order: number; }' is not assignable to parameter of type 'never'.
actions/products.ts(42,6): error TS2769: No overload matches this call.
  Overload 1 of 2, '(values: never, options?: { count?: "exact" | "planned" | "estimated" | undefined; } | undefined): PostgrestFilterBuilder<{ PostgrestVersion: "12"; }, never, never, null, "products", never, "POST">', gave the following error.
    Argument of type 'any[]' is not assignable to parameter of type 'never'.
  Overload 2 of 2, '(values: never[], options?: { count?: "exact" | "planned" | "estimated" | undefined; defaultToNull?: boolean | undefined; } | undefined): PostgrestFilterBuilder<{ PostgrestVersion: "12"; }, never, never, null, "products", never, "POST">', gave the following error.
    Type 'any' is not assignable to type 'never'.
actions/products.ts(51,27): error TS2339: Property 'id' does not exist on type 'never'.
actions/products.ts(59,15): error TS2769: No overload matches this call.
  Overload 1 of 2, '(values: never, options?: { count?: "exact" | "planned" | "estimated" | undefined; } | undefined): PostgrestFilterBuilder<{ PostgrestVersion: "12"; }, never, never, null, "product_images", never, "POST">', gave the following error.
    Argument of type '{ product_id: any; image_url: any; display_order: number; is_primary: boolean; }[]' is not assignable to parameter of type 'never'.
  Overload 2 of 2, '(values: never[], options?: { count?: "exact" | "planned" | "estimated" | undefined; defaultToNull?: boolean | undefined; } | undefined): PostgrestFilterBuilder<{ PostgrestVersion: "12"; }, never, never, null, "product_images", never, "POST">', gave the following error.
    Argument of type '{ product_id: any; image_url: any; display_order: number; is_primary: boolean; }[]' is not assignable to parameter of type 'never[]'.
      Type '{ product_id: any; image_url: any; display_order: number; is_primary: boolean; }' is not assignable to type 'never'.
actions/products.ts(65,39): error TS2339: Property 'id' does not exist on type 'never'.
actions/products.ts(74,13): error TS2345: Argument of type 'any' is not assignable to parameter of type 'never'.
actions/products.ts(93,15): error TS2769: No overload matches this call.
  Overload 1 of 2, '(values: never, options?: { count?: "exact" | "planned" | "estimated" | undefined; } | undefined): PostgrestFilterBuilder<{ PostgrestVersion: "12"; }, never, never, null, "product_images", never, "POST">', gave the following error.
    Argument of type '{ product_id: string; image_url: any; display_order: number; is_primary: boolean; }[]' is not assignable to parameter of type 'never'.
  Overload 2 of 2, '(values: never[], options?: { count?: "exact" | "planned" | "estimated" | undefined; defaultToNull?: boolean | undefined; } | undefined): PostgrestFilterBuilder<{ PostgrestVersion: "12"; }, never, never, null, "product_images", never, "POST">', gave the following error.
    Argument of type '{ product_id: string; image_url: any; display_order: number; is_primary: boolean; }[]' is not assignable to parameter of type 'never[]'.
      Type '{ product_id: string; image_url: any; display_order: number; is_primary: boolean; }' is not assignable to type 'never'.
actions/settings.ts(15,25): error TS2339: Property 'key' does not exist on type 'never'.
actions/settings.ts(15,40): error TS2339: Property 'value' does not exist on type 'never'.
actions/settings.ts(28,8): error TS2769: No overload matches this call.
  Overload 1 of 2, '(values: never, options?: { onConflict?: string | undefined; ignoreDuplicates?: boolean | undefined; count?: "exact" | "planned" | "estimated" | undefined; } | undefined): PostgrestFilterBuilder<{ ...; }, ... 5 more ..., "POST">', gave the following error.
    Argument of type '{ key: string; value: string; updated_at: string; }' is not assignable to parameter of type 'never'.
  Overload 2 of 2, '(values: never[], options?: { onConflict?: string | undefined; ignoreDuplicates?: boolean | undefined; count?: "exact" | "planned" | "estimated" | undefined; defaultToNull?: boolean | undefined; } | undefined): PostgrestFilterBuilder<...>', gave the following error.
    Object literal may only specify known properties, but 'key' does not exist in type 'never[]'. Did you mean to write 'keys'?
actions/sliders.ts(21,6): error TS2769: No overload matches this call.
  Overload 1 of 2, '(values: never, options?: { count?: "exact" | "planned" | "estimated" | undefined; } | undefined): PostgrestFilterBuilder<{ PostgrestVersion: "12"; }, never, never, null, "sliders", never, "POST">', gave the following error.
    Argument of type 'any[]' is not assignable to parameter of type 'never'.
  Overload 2 of 2, '(values: never[], options?: { count?: "exact" | "planned" | "estimated" | undefined; defaultToNull?: boolean | undefined; } | undefined): PostgrestFilterBuilder<{ PostgrestVersion: "12"; }, never, never, null, "sliders", never, "POST">', gave the following error.
    Type 'any' is not assignable to type 'never'.
actions/sliders.ts(34,13): error TS2345: Argument of type 'any' is not assignable to parameter of type 'never'.
app/page.tsx(91,36): error TS2339: Property 'id' does not exist on type 'never'.
app/page.tsx(92,75): error TS2339: Property 'name' does not exist on type 'never'.
app/page.tsx(96,34): error TS2339: Property 'category' does not exist on type 'never'.
app/page.tsx(99,75): error TS2339: Property 'price' does not exist on type 'never'.
components/products/ProductForm.tsx(46,13): error TS7034: Variable 'newImages' implicitly has type 'any[]' in some locations where its type cannot be determined.
components/products/ProductForm.tsx(52,38): error TS7005: Variable 'newImages' implicitly has an 'any[]' type.
components/settings/SettingsForm.tsx(30,18): error TS2339: Property 'error' does not exist on type '{ success: boolean; }'.
components/settings/SettingsForm.tsx(30,48): error TS2339: Property 'error' does not exist on type '{ success: boolean; }'.
